// Jest Snapshot v1, https://goo.gl/fbAQLP

exports[`Table 1`] = `
Object {
  "asFragment": [Function],
  "baseElement": <body>
    <div>
      <div
        class="table-container"
      >
        <table
          class="table"
        >
          <thead
            class="table-headers"
          >
            <tr>
              <th
                class="table-header"
              >
                #
              </th>
              <th
                class="table-header"
              >
                header 1
              </th>
              <th
                class="table-header"
              >
                header 2
              </th>
            </tr>
          </thead>
          <tbody
            class="table-row"
          >
            <tr>
              <td
                class="table-cell"
              >
                0
              </td>
              <td
                class="table-cell"
              >
                Row 1 Content
              </td>
              <td
                class="table-cell"
              >
                Row 1 Content
              </td>
            </tr>
          </tbody>
          <tbody
            class="table-row"
          >
            <tr>
              <td
                class="table-cell"
              >
                1
              </td>
              <td
                class="table-cell"
              >
                Row 2 Content
              </td>
              <td
                class="table-cell"
              >
                Row 2 Content
              </td>
            </tr>
          </tbody>
        </table>
      </div>
    </div>
  </body>,
  "container": <div>
    <div
      class="table-container"
    >
      <table
        class="table"
      >
        <thead
          class="table-headers"
        >
          <tr>
            <th
              class="table-header"
            >
              #
            </th>
            <th
              class="table-header"
            >
              header 1
            </th>
            <th
              class="table-header"
            >
              header 2
            </th>
          </tr>
        </thead>
        <tbody
          class="table-row"
        >
          <tr>
            <td
              class="table-cell"
            >
              0
            </td>
            <td
              class="table-cell"
            >
              Row 1 Content
            </td>
            <td
              class="table-cell"
            >
              Row 1 Content
            </td>
          </tr>
        </tbody>
        <tbody
          class="table-row"
        >
          <tr>
            <td
              class="table-cell"
            >
              1
            </td>
            <td
              class="table-cell"
            >
              Row 2 Content
            </td>
            <td
              class="table-cell"
            >
              Row 2 Content
            </td>
          </tr>
        </tbody>
      </table>
    </div>
  </div>,
  "debug": [Function],
  "findAllByAltText": [Function],
  "findAllByDisplayValue": [Function],
  "findAllByLabelText": [Function],
  "findAllByPlaceholderText": [Function],
  "findAllByRole": [Function],
  "findAllByTestId": [Function],
  "findAllByText": [Function],
  "findAllByTitle": [Function],
  "findByAltText": [Function],
  "findByDisplayValue": [Function],
  "findByLabelText": [Function],
  "findByPlaceholderText": [Function],
  "findByRole": [Function],
  "findByTestId": [Function],
  "findByText": [Function],
  "findByTitle": [Function],
  "getAllByAltText": [Function],
  "getAllByDisplayValue": [Function],
  "getAllByLabelText": [Function],
  "getAllByPlaceholderText": [Function],
  "getAllByRole": [Function],
  "getAllByTestId": [Function],
  "getAllByText": [Function],
  "getAllByTitle": [Function],
  "getByAltText": [Function],
  "getByDisplayValue": [Function],
  "getByLabelText": [Function],
  "getByPlaceholderText": [Function],
  "getByRole": [Function],
  "getByTestId": [Function],
  "getByText": [Function],
  "getByTitle": [Function],
  "queryAllByAltText": [Function],
  "queryAllByDisplayValue": [Function],
  "queryAllByLabelText": [Function],
  "queryAllByPlaceholderText": [Function],
  "queryAllByRole": [Function],
  "queryAllByTestId": [Function],
  "queryAllByText": [Function],
  "queryAllByTitle": [Function],
  "queryByAltText": [Function],
  "queryByDisplayValue": [Function],
  "queryByLabelText": [Function],
  "queryByPlaceholderText": [Function],
  "queryByRole": [Function],
  "queryByTestId": [Function],
  "queryByText": [Function],
  "queryByTitle": [Function],
  "rerender": [Function],
  "unmount": [Function],
}
`;
